 
****************************************
Report : power
        -analysis_effort low
Design : soc_top
Version: W-2024.09-SP5-5
Date   : Wed Apr 22 18:55:40 2026
****************************************


Library(s) Used:

    N16ADFP_StdCelltt0p8v25c (File: /ip/tsmc/tsmc16adfp/source/DAFP0203001_2_X/Executable_Package/Collaterals/IP/stdcell/N16ADFP_StdCell/NLDM/N16ADFP_StdCelltt0p8v25c.db)
    N16ADFP_SRAM_tt0p8v0p8v25c (File: /ip/tsmc/tsmc16adfp/source/DAFP0203001_2_X/Executable_Package/Collaterals/IP/sram/N16ADFP_SRAM/NLDM/N16ADFP_SRAM_tt0p8v0p8v25c_100a.db)


Operating Conditions: tt0p8v25c   Library: N16ADFP_StdCelltt0p8v25c
Wire Load Model Mode: segmented

Design        Wire Load Model            Library
------------------------------------------------
soc_top                ZeroWireload      N16ADFP_StdCelltt0p8v25c
picorv32_0_0_1_1_0_1_0_0_0_0_1_1_0_1_1_1_0_0_0_0_0_00000000_ffffffff_00000000_2048 ZeroWireload N16ADFP_StdCelltt0p8v25c
mem_router_native_00000800_10000000_00002000 ZeroWireload N16ADFP_StdCelltt0p8v25c
sram_MEM_WORDS512      ZeroWireload      N16ADFP_StdCelltt0p8v25c
native_periph_bridge   ZeroWireload      N16ADFP_StdCelltt0p8v25c
axil_interconnect_1x2  ZeroWireload      N16ADFP_StdCelltt0p8v25c
axil_uart              ZeroWireload      N16ADFP_StdCelltt0p8v25c
axil_cordic_accel_WIDTH32_ITERATIONS16 ZeroWireload N16ADFP_StdCelltt0p8v25c
picorv32_pcpi_fast_mul ZeroWireload      N16ADFP_StdCelltt0p8v25c
picorv32_pcpi_div      ZeroWireload      N16ADFP_StdCelltt0p8v25c
picorv32_axi_adapter   ZeroWireload      N16ADFP_StdCelltt0p8v25c
cordic_accel_ctrl_WIDTH32_ITERATIONS16 ZeroWireload N16ADFP_StdCelltt0p8v25c
cordic_core_atan2_WIDTH32_ITERATIONS16 ZeroWireload N16ADFP_StdCelltt0p8v25c
cordic_core_sincos_WIDTH32_ITERATIONS16 ZeroWireload N16ADFP_StdCelltt0p8v25c


Global Operating Voltage = 0.8  
Power-specific unit information :
    Voltage Units = 1V
    Capacitance Units = 1.000000pf
    Time Units = 1ns
    Dynamic Power Units = 1mW    (derived from V,C,T units)
    Leakage Power Units = 1nW


Attributes
----------
i - Including register clock pin internal power


  Cell Internal Power  =   1.4949 mW   (97%)
  Net Switching Power  =  50.6849 uW    (3%)
                         ---------
Total Dynamic Power    =   1.5456 mW  (100%)

Cell Leakage Power     =  42.4878 uW


                 Internal         Switching           Leakage            Total
Power Group      Power            Power               Power              Power   (   %    )  Attrs
--------------------------------------------------------------------------------------------------
io_pad             0.0000            0.0000            0.0000            0.0000  (   0.00%)
memory         6.1783e-02        7.6294e-05        1.8297e+04        8.0156e-02  (   5.05%)
black_box          0.0000            0.0000            0.0000            0.0000  (   0.00%)
clock_network      1.3750            0.0000            0.0000            1.3750  (  86.59%)  i
register       2.1239e-02        9.4081e-03        1.5257e+04        4.5901e-02  (   2.89%)
sequential         0.0000            0.0000            0.0000            0.0000  (   0.00%)
combinational  3.6842e-02        4.1201e-02        8.9339e+03        8.6976e-02  (   5.48%)
--------------------------------------------------------------------------------------------------
Total              1.4949 mW     5.0685e-02 mW     4.2488e+04 nW         1.5880 mW
1
