****************************************
Report : analysis_coverage
Design : soc_top
Version: T-2022.03-SP5-1
Date   : Wed Apr 22 22:18:43 2026
****************************************

Type of Check         Total              Met         Violated         Untested
--------------------------------------------------------------------------------
setup                  5224      5181 ( 99%)         0 (  0%)        43 (  1%)
hold                   5224      5181 ( 99%)         0 (  0%)        43 (  1%)
recovery               3324         0 (  0%)         0 (  0%)      3324 (100%)
removal                3322         0 (  0%)         0 (  0%)      3322 (100%)
min_period                1         1 (100%)         0 (  0%)         0 (  0%)
min_pulse_width       33718     20428 ( 61%)         0 (  0%)     13290 ( 39%)
out_setup                 2         2 (100%)         0 (  0%)         0 (  0%)
out_hold                  2         2 (100%)         0 (  0%)         0 (  0%)
--------------------------------------------------------------------------------
All Checks            50817     30795 ( 61%)         0 (  0%)     20022 ( 39%)

1
